// Jest Snapshot v1, https://goo.gl/fbAQLP

exports[`EmbeddedPlayer shows a youtube video 1`] = `
<iframe
  allow="picture-in-picture,showinfo=0"
  frameBorder="0"
  height="100%"
  src="https://www.youtube.com/embed/TeQ_TTyLGMs"
  title=""
  width="100%"
/>
`;
